[      12ms] [INFO] 🌐 i18next is made possible by our own product, Locize — consider powering your project with managed localization (AI, CDN, integrations): https://locize.com 💙 @ http://localhost:5173/assets/index-f7742b44.js:66
[      15ms] [ERROR] Error decoding token: InvalidCharacterError: Failed to execute 'atob' on 'Window': The string to be decoded is not correctly encoded.
    at http://localhost:5173/assets/index-f7742b44.js:83:19484
    at http://localhost:5173/assets/index-f7742b44.js:83:19684
    at ov (http://localhost:5173/assets/index-f7742b44.js:83:20773)
    at ww (http://localhost:5173/assets/index-f7742b44.js:371:73037)
    at lc (http://localhost:5173/assets/index-f7742b44.js:38:17006)
    at Yf (http://localhost:5173/assets/index-f7742b44.js:40:44027)
    at Vf (http://localhost:5173/assets/index-f7742b44.js:40:39763)
    at Tx (http://localhost:5173/assets/index-f7742b44.js:40:39691)
    at ss (http://localhost:5173/assets/index-f7742b44.js:40:39545)
    at Uf (http://localhost:5173/assets/index-f7742b44.js:40:34629) @ http://localhost:5173/assets/index-f7742b44.js:82
[    5017ms] [ERROR] Error decoding token: InvalidCharacterError: Failed to execute 'atob' on 'Window': The string to be decoded is not correctly encoded.
    at http://localhost:5173/assets/index-f7742b44.js:83:19484
    at http://localhost:5173/assets/index-f7742b44.js:83:19684
    at http://localhost:5173/assets/index-f7742b44.js:83:20214
    at http://localhost:5173/assets/index-f7742b44.js:83:20557 @ http://localhost:5173/assets/index-f7742b44.js:82
[  600017ms] [ERROR] Error decoding token: InvalidCharacterError: Failed to execute 'atob' on 'Window': The string to be decoded is not correctly encoded.
    at http://localhost:5173/assets/index-f7742b44.js:83:19484
    at http://localhost:5173/assets/index-f7742b44.js:83:19684
    at http://localhost:5173/assets/index-f7742b44.js:83:20214 @ http://localhost:5173/assets/index-f7742b44.js:82
[ 1200016ms] [ERROR] Error decoding token: InvalidCharacterError: Failed to execute 'atob' on 'Window': The string to be decoded is not correctly encoded.
    at http://localhost:5173/assets/index-f7742b44.js:83:19484
    at http://localhost:5173/assets/index-f7742b44.js:83:19684
    at http://localhost:5173/assets/index-f7742b44.js:83:20214 @ http://localhost:5173/assets/index-f7742b44.js:82
